{
  "setting": "n400",
  "F": 5,
  "n": 400,
  "pbc": 0.8,
  "selection_replicates": 200000,
  "evaluation_replicates": 100000,
  "in_sample_min": 0.9864158125051857,
  "independent_ratio": 1.0046180625980927,
  "mcse": 0.003258619790901302,
  "ci95_lower": 0.9982312851686167,
  "ci95_upper": 1.0110048400275686,
  "direction_mean": 2.0816681711721685e-17,
  "direction_norm": 1.0000000000000002,
  "evaluation_sample_variance_ratio": 1.0046229466039795,
  "evaluation_selected_min": 0.981846493700791,
  "projection_mean01": 0.0025956809040527905,
  "projection_mean02": 0.0018939080766884695,
  "squared_product_correlation": 0.023246480351482707,
  "squared_projection_99_9pct": 7.31783481180463,
  "train_sha256": "ccf610c8d94dd4bc9b5d69486346ac8453ac01ffd1a9559bbc6c8a6c88f75fcd",
  "eval_sha256": "b0bce0c691bd9aab5d5487c621743291538287a1f037a9847aa34e5a78611ad6"
}
{
  "setting": "n2000",
  "F": 5,
  "n": 2000,
  "pbc": 0.8,
  "selection_replicates": 200000,
  "evaluation_replicates": 100000,
  "in_sample_min": 0.9872147867573605,
  "independent_ratio": 1.0049788165921092,
  "mcse": 0.003192180845326907,
  "ci95_lower": 0.9987222571031298,
  "ci95_upper": 1.0112353760810886,
  "direction_mean": -5.204170427930421e-17,
  "direction_norm": 1.0000000000000002,
  "evaluation_sample_variance_ratio": 1.0049853629098813,
  "evaluation_selected_min": 0.9801357802133506,
  "projection_mean01": -0.0009164847404713177,
  "projection_mean02": -0.0024833701765863453,
  "squared_product_correlation": 0.009767638843298562,
  "squared_projection_99_9pct": 6.992533561915599,
  "train_sha256": "c583a1ee26fa33e778290bc7011ff51ffc90501a05c89e37d38064fb8fdc721e",
  "eval_sha256": "ce13bf57e2263d13b41bc5c41d2234142cb4d94685d345a358b567e57b9eba6d"
}
{
  "setting": "control",
  "F": 5,
  "n": 400,
  "pbc": 0.5,
  "selection_replicates": 200000,
  "evaluation_replicates": 100000,
  "in_sample_min": 0.9843025993193658,
  "independent_ratio": 0.9988049499073056,
  "mcse": 0.003182648277401613,
  "ci95_lower": 0.99256707390814,
  "ci95_upper": 1.0050428259064712,
  "direction_mean": 5.0306980803327406e-17,
  "direction_norm": 1.0,
  "evaluation_sample_variance_ratio": 0.9988132291132762,
  "evaluation_selected_min": 0.9759910123688953,
  "projection_mean01": 0.0004978897082522735,
  "projection_mean02": -0.0017804377212677096,
  "squared_product_correlation": 0.010135376766478792,
  "squared_projection_99_9pct": 7.01095846878841,
  "train_sha256": "aefbdc2042f42252e2d4c680e9053182606de37dd74d0c4f3f153bc0bb9cc006",
  "eval_sha256": "af797892e2735176254b580a8561fed5e7fd093395103498799b4db24be01db3"
}
